errorslol
errorslol
errorslol
errorslol
errorslol
errorslol
errorslol
errorslol
errorslol
errorslol
67
67
67
67
67
67
67
67
67
677
677
677
677
677
678
678
678
678
63
63
67
67
67
67
67
67
67
67
67
67
67
67
67
67
67
67
67
67
67
67
hi
wow
rick
hi
ruster
grian
rug
why
why
why
why
whydhif
jvekj
hi
67
67
67
67
67
67
67
67
67
67
67
67
67
67
67
67
67
67
67
67
67
67
67
67
67
67
67
67
67
67
67
67
67
67
67
67
67
67
67
67
67
67
67
67
67
67
ruster
grain
hackclub
ruster
145
tonight
what-is-day-after-tomorroww
wwhy
tell-me-why
food
food
daily
daily
food
food
food
food
food
opit
opit
opit
son
